



  .-_'''-.                ,---.    ,---.   ____   .-------.
 '_( )_   \               |    \  /    | .'  __ `.\  _(`)_ \
|(_ o _)|  '              |  ,  \/  ,  |/   '  \  \ (_ o._)|
. (_,_)/___|   _ _    _ _ |  |\_   /|  ||___|  /  |  (_,_) /
|  |  .-----. ( ' )--( ' )|  _( )_/ |  |   _.-`   |   '-.-'
'  \  '-   .'(_{;}_)(_{;}_) (_ o _) |  |.'   _    |   |
 \  `-'`   |  (_,_)--(_,_)|  (_,_)  |  ||  _( )_  |   |
  \        /              |  |      |  |\ (_ o _) /   )
   `'-...-'               '--'      '--' '.(_,_).'`---'



For the most up-to-date version of GMAP, reporting bugs/issues, suggesting
improvements for the program, questions, or any other kind of feedback, go to
github.com/Kimvana/GMAP


Running the following job:
GMAP GEM run test_defpar.txt
[Wed 02 10:44] 0-00:00:00.000:  Start Parsing GMAP parameters

Encountered an issue with the following parameter source:
/Users/lacour/Documents/GitHub/GMAP/test_defpar.txt. The source should contain
only one of the parameters 'influencers_whitelist', 'influencers_blacklist',
'influencers_file' and influencers_select_atoms, but contains more than one.
More information can be found in the documentation user pages using the
following error code:  SU_WP_16
