



  .-_'''-.                ,---.    ,---.   ____   .-------.
 '_( )_   \               |    \  /    | .'  __ `.\  _(`)_ \
|(_ o _)|  '              |  ,  \/  ,  |/   '  \  \ (_ o._)|
. (_,_)/___|   _ _    _ _ |  |\_   /|  ||___|  /  |  (_,_) /
|  |  .-----. ( ' )--( ' )|  _( )_/ |  |   _.-`   |   '-.-'
'  \  '-   .'(_{;}_)(_{;}_) (_ o _) |  |.'   _    |   |
 \  `-'`   |  (_,_)--(_,_)|  (_,_)  |  ||  _( )_  |   |
  \        /              |  |      |  |\ (_ o _) /   )
   `'-...-'               '--'      '--' '.(_,_).'`---'



For the most up-to-date version of GMAP, reporting bugs/issues, suggesting
improvements for the program, questions, or any other kind of feedback, go to
github.com/Kimvana/GMAP


Running the following job:
/scratch/hb-compspec/GMAPprogram/GMAP/env_GMAP/bin/GMAP GEM run
inputGMAP_ChlB.txt

Issued through the following command:
GMAP GEM run inputGMAP_ChlB.txt

[Mon 06 16:42] 0-00:00:03.423:  Start Parsing GMAP parameters
[Mon 06 16:42] 0-00:00:04.003:  Finished GMAP parameters, start adding maps

WARNING:
Could not find the parameter 'can_output' in the file
/scratch/hb-compspec/GMAPprogram/GMAP/GMAP/maps/Singles/ChlB/core.txt. Without
it, the map cannot function. Please make sure it is present.
More information can be found in the documentation user pages using the
following error code:  MI_MC_6

WARNING:
A problem occured while reading in the code for the map Water, defined at
/scratch/hb-compspec/GMAPprogram/GMAP/GMAP/maps/Singles/Water. Please consult
the information of this map, or contact the developer of this map.

Traceback (most recent call last):
File "/scratch/hb-compspec/GMAPprogram/GMAP/GMAP/src/tools/MapReader.py", line
246, in extract_code
    spec.loader.exec_module(module)
  File "<frozen importlib._bootstrap_external>", line 940, in exec_module
  File "<frozen importlib._bootstrap>", line 241, in _call_with_frames_removed
File "/scratch/hb-compspec/GMAPprogram/GMAP/GMAP/maps/Singles/Water/main.py",
line 25, in <module>
    import GMAP.src.tools.Systemreader as GM_SR
ModuleNotFoundError: No module named 'GMAP.src.tools.Systemreader'

More information can be found in the documentation user pages using the
following error code:  MI_MR_1

WARNING:
The file /scratch/hb-compspec/GMAPprogram/GMAP/GMAP/maps/Singles/Water/core.txt
contains an invalid choice for the parameter 'dipole_data_file'. The expected
format requires both a specification of type of file (magnitude or xyz), and
the file name.
More information can be found in the documentation user pages using the
following error code:  MI_MC_8

The map ChlB was requested for use. However, it either does not exist, or the
map was loaded unsuccessfully due to issues with its definition.
More information can be found in the documentation user pages using the
following error code:  MI_MM_1
